*$FROM Library
*$EXTERN True, False


/**
  <PrintLines (e.Line)*> == пусто
*/
$ENTRY PrintLines {
  (e.Line) e.Lines =
    <Prout e.Line>
    <PrintLines e.Lines>;

  /* пусто */ = /* ничего не печатаем */;
}


/**
  <Builtins> == (e.FunctionName)*
*/
$ENTRY Builtins {
  = ('+') ('-') ('*') ('/') ('%') ('?') <DoBuiltins <ListOfBuiltin>>;
}

DoBuiltins {
  (s.Number s.Name s.Type) e.Builtins
    = (<Explode s.Name>) <DoBuiltins e.Builtins>;

  /* пусто */ = /* пусто */;
}
